> Task :app:preBuild UP-TO-DATE
> Task :app:preDebugBuild UP-TO-DATE
> Task :app:mergeDebugNativeDebugMetadata NO-SOURCE
> Task :app:checkKotlinGradlePluginConfigurationErrors
> Task :app:dataBindingMergeDependencyArtifactsDebug UP-TO-DATE
> Task :app:generateDebugResValues UP-TO-DATE
> Task :app:generateDebugResources UP-TO-DATE
> Task :app:injectCrashlyticsMappingFileIdDebug UP-TO-DATE
> Task :app:processDebugGoogleServices UP-TO-DATE
> Task :app:mergeDebugResources UP-TO-DATE
> Task :app:packageDebugResources UP-TO-DATE
> Task :app:parseDebugLocalResources UP-TO-DATE
> Task :app:dataBindingGenBaseClassesDebug UP-TO-DATE
> Task :app:generateDebugBuildConfig UP-TO-DATE
> Task :app:checkDebugAarMetadata UP-TO-DATE
> Task :app:mapDebugSourceSetPaths UP-TO-DATE
> Task :app:createDebugCompatibleScreenManifests UP-TO-DATE
> Task :app:extractDeepLinksDebug UP-TO-DATE
> Task :app:processDebugMainManifest UP-TO-DATE
> Task :app:processDebugManifest UP-TO-DATE
> Task :app:processDebugManifestForPackage UP-TO-DATE
> Task :app:processDebugResources UP-TO-DATE
> Task :app:javaPreCompileDebug UP-TO-DATE
> Task :app:mergeDebugShaders UP-TO-DATE
> Task :app:compileDebugShaders NO-SOURCE
> Task :app:generateDebugAssets UP-TO-DATE
> Task :app:mergeDebugAssets UP-TO-DATE
> Task :app:compressDebugAssets UP-TO-DATE
> Task :app:desugarDebugFileDependencies UP-TO-DATE
> Task :app:checkDebugDuplicateClasses UP-TO-DATE
> Task :app:mergeExtDexDebug UP-TO-DATE
> Task :app:mergeLibDexDebug UP-TO-DATE
> Task :app:mergeDebugJniLibFolders UP-TO-DATE
> Task :app:mergeDebugNativeLibs NO-SOURCE
> Task :app:stripDebugDebugSymbols NO-SOURCE
> Task :app:validateSigningDebug UP-TO-DATE
> Task :app:writeDebugAppMetadata UP-TO-DATE
> Task :app:writeDebugSigningConfigVersions UP-TO-DATE

> Task :app:compileDebugKotlin FAILED
.\gradlew.bat : e: file:///C:/Users/Avijit%20Singh/LegalEase/app/sr
c/main/java/cm/avisingh/legalease/LegalEaseApplication.kt:14:1 
Class 'LegalEaseApplication' is not abstract and does not 
implement abstract member public abstract val 
workManagerConfiguration: Configuration defined in 
androidx.work.Configuration.Provider
At line:1 char:40
+ ... ingh\LegalEase" ; .\gradlew.bat assembleDebug --continue 
2>&1 | Out-F ...
+                       ~~~~~~~~~~~~~~~~~~~~~~~~~~~~~~~~~~~~~~~~~~~
    + CategoryInfo          : NotSpecified: (e: file:///C:/U...rat 
   ion.Provider:String) [], RemoteException
    + FullyQualifiedErrorId : NativeCommandError
 
e: file:///C:/Users/Avijit%20Singh/LegalEase/app/src/main/java/cm/a
visingh/legalease/LegalEaseApplication.kt:39:25 Unresolved 
reference: logEvent
e: file:///C:/Users/Avijit%20Singh/LegalEase/app/src/main/java/cm/a
visingh/legalease/LegalEaseApplication.kt:45:5 
'getWorkManagerConfiguration' overrides nothing
e: file:///C:/Users/Avijit%20Singh/LegalEase/app/src/main/java/cm/a
visingh/legalease/activities/CaseManagementActivity.kt:34:69 
Unresolved reference: analyticsHelper
e: file:///C:/Users/Avijit%20Singh/LegalEase/app/src/main/java/cm/a
visingh/legalease/activities/CaseManagementActivity.kt:185:69 
Unresolved reference: analyticsHelper
e: file:///C:/Users/Avijit%20Singh/LegalEase/app/src/main/java/cm/a
visingh/legalease/activities/CaseManagementActivity.kt:192:49 
Unresolved reference: create_case_coming_soon
e: file:///C:/Users/Avijit%20Singh/LegalEase/app/src/main/java/cm/a
visingh/legalease/activities/CaseManagementActivity.kt:193:69 
Unresolved reference: analyticsHelper
e: file:///C:/Users/Avijit%20Singh/LegalEase/app/src/main/java/cm/a
visingh/legalease/activities/LoginActivity.kt:34:69 Unresolved 
reference: analyticsHelper
e: file:///C:/Users/Avijit%20Singh/LegalEase/app/src/main/java/cm/a
visingh/legalease/activities/LoginActivity.kt:115:69 Unresolved 
reference: analyticsHelper
e: file:///C:/Users/Avijit%20Singh/LegalEase/app/src/main/java/cm/a
visingh/legalease/activities/LoginActivity.kt:133:69 Unresolved 
reference: analyticsHelper
e: file:///C:/Users/Avijit%20Singh/LegalEase/app/src/main/java/cm/a
visingh/legalease/activities/MainActivity.kt:142:91 Unexpected 
tokens (use ';' to separate expressions on the same line)
e: file:///C:/Users/Avijit%20Singh/LegalEase/app/src/main/java/cm/a
visingh/legalease/activities/MainActivity.kt:53:25 Unresolved 
reference: updateCasesUI
e: file:///C:/Users/Avijit%20Singh/LegalEase/app/src/main/java/cm/a
visingh/legalease/data/NotificationPreferences.kt:9:15 Unresolved 
reference: hilt
e: file:///C:/Users/Avijit%20Singh/LegalEase/app/src/main/java/cm/a
visingh/legalease/data/NotificationPreferences.kt:19:6 Unresolved 
reference: ApplicationContext
e: file:///C:/Users/Avijit%20Singh/LegalEase/app/src/main/java/cm/a
visingh/legalease/data/cache/DocumentCache.kt:110:47 Unresolved 
reference. None of the following candidates is applicable because 
of receiver type mismatch: 
public inline fun <T, R> Array<out TypeVariable(T)>.map(transform: 
(TypeVariable(T)) -> TypeVariable(R)): List<TypeVariable(R)> 
defined in kotlin.collections
public inline fun <R> BooleanArray.map(transform: (Boolean) -> 
TypeVariable(R)): List<TypeVariable(R)> defined in 
kotlin.collections
public inline fun <R> ByteArray.map(transform: (Byte) -> 
TypeVariable(R)): List<TypeVariable(R)> defined in 
kotlin.collections
public inline fun <R> CharArray.map(transform: (Char) -> 
TypeVariable(R)): List<TypeVariable(R)> defined in 
kotlin.collections
public inline fun <R> CharSequence.map(transform: (Char) -> 
TypeVariable(R)): List<TypeVariable(R)> defined in kotlin.text
public inline fun <R> DoubleArray.map(transform: (Double) -> 
TypeVariable(R)): List<TypeVariable(R)> defined in 
kotlin.collections
public inline fun <R> FloatArray.map(transform: (Float) -> 
TypeVariable(R)): List<TypeVariable(R)> defined in 
kotlin.collections
public inline fun <R> IntArray.map(transform: (Int) -> 
TypeVariable(R)): List<TypeVariable(R)> defined in 
kotlin.collections
public inline fun <R> LongArray.map(transform: (Long) -> 
TypeVariable(R)): List<TypeVariable(R)> defined in 
kotlin.collections
public inline fun <R, T> Result<TypeVariable(T)>.map(transform: 
(value: TypeVariable(T)) -> TypeVariable(R)): 
Result<TypeVariable(R)> defined in kotlin
public inline fun <R> ShortArray.map(transform: (Short) -> 
TypeVariable(R)): List<TypeVariable(R)> defined in 
kotlin.collections
public inline fun <R> UByteArray.map(transform: (UByte) -> 
TypeVariable(R)): List<TypeVariable(R)> defined in 
kotlin.collections
public inline fun <R> UIntArray.map(transform: (UInt) -> 
TypeVariable(R)): List<TypeVariable(R)> defined in 
kotlin.collections
public inline fun <R> ULongArray.map(transform: (ULong) -> 
TypeVariable(R)): List<TypeVariable(R)> defined in 
kotlin.collections
public inline fun <R> UShortArray.map(transform: (UShort) -> 
TypeVariable(R)): List<TypeVariable(R)> defined in 
kotlin.collections
public inline fun <T, R> Iterable<TypeVariable(T)>.map(transform: 
(TypeVariable(T)) -> TypeVariable(R)): List<TypeVariable(R)> 
defined in kotlin.collections
public inline fun <K, V, R> Map<out TypeVariable(K), 
TypeVariable(V)>.map(transform: (Map.Entry<TypeVariable(K), 
TypeVariable(V)>) -> TypeVariable(R)): List<TypeVariable(R)> 
defined in kotlin.collections
public fun <T, R> Sequence<TypeVariable(T)>.map(transform: 
(TypeVariable(T)) -> TypeVariable(R)): Sequence<TypeVariable(R)> 
defined in kotlin.sequences
e: file:///C:/Users/Avijit%20Singh/LegalEase/app/src/main/java/cm/a
visingh/legalease/data/cache/DocumentCache.kt:110:53 Cannot infer 
a type for this parameter. Please specify it explicitly.
e: file:///C:/Users/Avijit%20Singh/LegalEase/app/src/main/java/cm/a
visingh/legalease/data/cache/DocumentCache.kt:111:30 Unresolved 
reference: it
e: file:///C:/Users/Avijit%20Singh/LegalEase/app/src/main/java/cm/a
visingh/legalease/data/cache/DocumentCache.kt:116:53 Unresolved 
reference. None of the following candidates is applicable because 
of receiver type mismatch: 
public inline fun <T, R> Array<out TypeVariable(T)>.map(transform: 
(TypeVariable(T)) -> TypeVariable(R)): List<TypeVariable(R)> 
defined in kotlin.collections
public inline fun <R> BooleanArray.map(transform: (Boolean) -> 
TypeVariable(R)): List<TypeVariable(R)> defined in 
kotlin.collections
public inline fun <R> ByteArray.map(transform: (Byte) -> 
TypeVariable(R)): List<TypeVariable(R)> defined in 
kotlin.collections
public inline fun <R> CharArray.map(transform: (Char) -> 
TypeVariable(R)): List<TypeVariable(R)> defined in 
kotlin.collections
public inline fun <R> CharSequence.map(transform: (Char) -> 
TypeVariable(R)): List<TypeVariable(R)> defined in kotlin.text
public inline fun <R> DoubleArray.map(transform: (Double) -> 
TypeVariable(R)): List<TypeVariable(R)> defined in 
kotlin.collections
public inline fun <R> FloatArray.map(transform: (Float) -> 
TypeVariable(R)): List<TypeVariable(R)> defined in 
kotlin.collections
public inline fun <R> IntArray.map(transform: (Int) -> 
TypeVariable(R)): List<TypeVariable(R)> defined in 
kotlin.collections
public inline fun <R> LongArray.map(transform: (Long) -> 
TypeVariable(R)): List<TypeVariable(R)> defined in 
kotlin.collections
public inline fun <R, T> Result<TypeVariable(T)>.map(transform: 
(value: TypeVariable(T)) -> TypeVariable(R)): 
Result<TypeVariable(R)> defined in kotlin
public inline fun <R> ShortArray.map(transform: (Short) -> 
TypeVariable(R)): List<TypeVariable(R)> defined in 
kotlin.collections
public inline fun <R> UByteArray.map(transform: (UByte) -> 
TypeVariable(R)): List<TypeVariable(R)> defined in 
kotlin.collections
public inline fun <R> UIntArray.map(transform: (UInt) -> 
TypeVariable(R)): List<TypeVariable(R)> defined in 
kotlin.collections
public inline fun <R> ULongArray.map(transform: (ULong) -> 
TypeVariable(R)): List<TypeVariable(R)> defined in 
kotlin.collections
public inline fun <R> UShortArray.map(transform: (UShort) -> 
TypeVariable(R)): List<TypeVariable(R)> defined in 
kotlin.collections
public inline fun <T, R> Iterable<TypeVariable(T)>.map(transform: 
(TypeVariable(T)) -> TypeVariable(R)): List<TypeVariable(R)> 
defined in kotlin.collections
public inline fun <K, V, R> Map<out TypeVariable(K), 
TypeVariable(V)>.map(transform: (Map.Entry<TypeVariable(K), 
TypeVariable(V)>) -> TypeVariable(R)): List<TypeVariable(R)> 
defined in kotlin.collections
public fun <T, R> Sequence<TypeVariable(T)>.map(transform: 
(TypeVariable(T)) -> TypeVariable(R)): Sequence<TypeVariable(R)> 
defined in kotlin.sequences
e: file:///C:/Users/Avijit%20Singh/LegalEase/app/src/main/java/cm/a
visingh/legalease/data/cache/DocumentCache.kt:116:59 Cannot infer 
a type for this parameter. Please specify it explicitly.
e: file:///C:/Users/Avijit%20Singh/LegalEase/app/src/main/java/cm/a
visingh/legalease/data/cache/DocumentCache.kt:117:30 Unresolved 
reference: it
e: file:///C:/Users/Avijit%20Singh/LegalEase/app/src/main/java/cm/a
visingh/legalease/data/cache/DocumentCache.kt:146:40 Unresolved 
reference. None of the following candidates is applicable because 
of receiver type mismatch: 
public inline fun <T, R> Array<out TypeVariable(T)>.map(transform: 
(TypeVariable(T)) -> TypeVariable(R)): List<TypeVariable(R)> 
defined in kotlin.collections
public inline fun <R> BooleanArray.map(transform: (Boolean) -> 
TypeVariable(R)): List<TypeVariable(R)> defined in 
kotlin.collections
public inline fun <R> ByteArray.map(transform: (Byte) -> 
TypeVariable(R)): List<TypeVariable(R)> defined in 
kotlin.collections
public inline fun <R> CharArray.map(transform: (Char) -> 
TypeVariable(R)): List<TypeVariable(R)> defined in 
kotlin.collections
public inline fun <R> CharSequence.map(transform: (Char) -> 
TypeVariable(R)): List<TypeVariable(R)> defined in kotlin.text
public inline fun <R> DoubleArray.map(transform: (Double) -> 
TypeVariable(R)): List<TypeVariable(R)> defined in 
kotlin.collections
public inline fun <R> FloatArray.map(transform: (Float) -> 
TypeVariable(R)): List<TypeVariable(R)> defined in 
kotlin.collections
public inline fun <R> IntArray.map(transform: (Int) -> 
TypeVariable(R)): List<TypeVariable(R)> defined in 
kotlin.collections
public inline fun <R> LongArray.map(transform: (Long) -> 
TypeVariable(R)): List<TypeVariable(R)> defined in 
kotlin.collections
public inline fun <R, T> Result<TypeVariable(T)>.map(transform: 
(value: TypeVariable(T)) -> TypeVariable(R)): 
Result<TypeVariable(R)> defined in kotlin
public inline fun <R> ShortArray.map(transform: (Short) -> 
TypeVariable(R)): List<TypeVariable(R)> defined in 
kotlin.collections
public inline fun <R> UByteArray.map(transform: (UByte) -> 
TypeVariable(R)): List<TypeVariable(R)> defined in 
kotlin.collections
public inline fun <R> UIntArray.map(transform: (UInt) -> 
TypeVariable(R)): List<TypeVariable(R)> defined in 
kotlin.collections
public inline fun <R> ULongArray.map(transform: (ULong) -> 
TypeVariable(R)): List<TypeVariable(R)> defined in 
kotlin.collections
public inline fun <R> UShortArray.map(transform: (UShort) -> 
TypeVariable(R)): List<TypeVariable(R)> defined in 
kotlin.collections
public inline fun <T, R> Iterable<TypeVariable(T)>.map(transform: 
(TypeVariable(T)) -> TypeVariable(R)): List<TypeVariable(R)> 
defined in kotlin.collections
public inline fun <K, V, R> Map<out TypeVariable(K), 
TypeVariable(V)>.map(transform: (Map.Entry<TypeVariable(K), 
TypeVariable(V)>) -> TypeVariable(R)): List<TypeVariable(R)> 
defined in kotlin.collections
public fun <T, R> Sequence<TypeVariable(T)>.map(transform: 
(TypeVariable(T)) -> TypeVariable(R)): Sequence<TypeVariable(R)> 
defined in kotlin.sequences
e: file:///C:/Users/Avijit%20Singh/LegalEase/app/src/main/java/cm/a
visingh/legalease/data/cache/DocumentCache.kt:146:46 Cannot infer 
a type for this parameter. Please specify it explicitly.
e: file:///C:/Users/Avijit%20Singh/LegalEase/app/src/main/java/cm/a
visingh/legalease/data/cache/DocumentCache.kt:147:30 Unresolved 
reference: it
e: file:///C:/Users/Avijit%20Singh/LegalEase/app/src/main/java/cm/a
visingh/legalease/data/local/AppDatabase.kt:36:35 Not enough 
information to infer type variable K
e: file:///C:/Users/Avijit%20Singh/LegalEase/app/src/main/java/cm/a
visingh/legalease/data/model/Document.kt:5:12 Redeclaration: 
Document
e: file:///C:/Users/Avijit%20Singh/LegalEase/app/src/main/java/cm/a
visingh/legalease/data/model/Entities.kt:8:12 Redeclaration: User
e: file:///C:/Users/Avijit%20Singh/LegalEase/app/src/main/java/cm/a
visingh/legalease/data/model/Entities.kt:51:12 Redeclaration: 
Document
e: file:///C:/Users/Avijit%20Singh/LegalEase/app/src/main/java/cm/a
visingh/legalease/data/model/User.kt:3:12 Redeclaration: User
e: file:///C:/Users/Avijit%20Singh/LegalEase/app/src/main/java/cm/a
visingh/legalease/data/model/User.kt:17:13 Cannot find a parameter 
with this name: photoUrl
e: file:///C:/Users/Avijit%20Singh/LegalEase/app/src/main/java/cm/a
visingh/legalease/data/model/User.kt:18:13 Cannot find a parameter 
with this name: isEmailVerified
e: file:///C:/Users/Avijit%20Singh/LegalEase/app/src/main/java/cm/a
visingh/legalease/data/model/User.kt:18:13 No value passed for 
parameter 'phone'
e: file:///C:/Users/Avijit%20Singh/LegalEase/app/src/main/java/cm/a
visingh/legalease/data/model/User.kt:18:13 No value passed for 
parameter 'role'
e: file:///C:/Users/Avijit%20Singh/LegalEase/app/src/main/java/cm/a
visingh/legalease/data/model/User.kt:18:13 No value passed for 
parameter 'profileImage'
e: file:///C:/Users/Avijit%20Singh/LegalEase/app/src/main/java/cm/a
visingh/legalease/data/model/User.kt:18:13 No value passed for 
parameter 'createdAt'
e: file:///C:/Users/Avijit%20Singh/LegalEase/app/src/main/java/cm/a
visingh/legalease/data/model/User.kt:18:13 No value passed for 
parameter 'updatedAt'
e: file:///C:/Users/Avijit%20Singh/LegalEase/app/src/main/java/cm/a
visingh/legalease/data/repository/DocumentRepository.kt:74:26 
Unresolved reference: FirebaseStorage
e: file:///C:/Users/Avijit%20Singh/LegalEase/app/src/main/java/cm/a
visingh/legalease/data/repository/DocumentRepository.kt:82:26 
Unresolved reference: FirebaseStorage
e: file:///C:/Users/Avijit%20Singh/LegalEase/app/src/main/java/cm/a
visingh/legalease/data/repository/DocumentRepository.kt:91:35 
Unresolved reference: Query
e: file:///C:/Users/Avijit%20Singh/LegalEase/app/src/main/java/cm/a
visingh/legalease/data/repository/DocumentRepository.kt:113:29 
Unresolved reference: FirebaseStorage
e: file:///C:/Users/Avijit%20Singh/LegalEase/app/src/main/java/cm/a
visingh/legalease/data/repository/DocumentRepository.kt:115:37 
Cannot access 'documentsRef': it is private in 'DocumentStorage'
e: file:///C:/Users/Avijit%20Singh/LegalEase/app/src/main/java/cm/a
visingh/legalease/data/repository/DocumentRepository.kt:131:33 
Unresolved reference: customMetadata
e: file:///C:/Users/Avijit%20Singh/LegalEase/app/src/main/java/cm/a
visingh/legalease/data/repository/NotificationRepository.kt:32:6 
Unresolved reference: ApplicationContext
e: file:///C:/Users/Avijit%20Singh/LegalEase/app/src/main/java/cm/a
visingh/legalease/data/repository/NotificationRepository.kt:163:55 
Type mismatch: inferred type is ByteArray but String was expected
e: file:///C:/Users/Avijit%20Singh/LegalEase/app/src/main/java/cm/a
visingh/legalease/data/repository/NotificationRepository.kt:169:32 
Type mismatch: inferred type is String but ByteArray? was expected
e: file:///C:/Users/Avijit%20Singh/LegalEase/app/src/main/java/cm/a
visingh/legalease/data/repository/NotificationRepository.kt:176:13 
None of the following functions can be called with the arguments 
supplied: 
public inline fun String(stringBuffer: StringBuffer): String 
defined in kotlin.text
public inline fun String(stringBuilder: StringBuilder): String 
defined in kotlin.text
public inline fun String(bytes: ByteArray): String defined in 
kotlin.text
public inline fun String(chars: CharArray): String defined in 
kotlin.text
e: file:///C:/Users/Avijit%20Singh/LegalEase/app/src/main/java/cm/a
visingh/legalease/data/repository/NotificationRepository.kt:176:46 
Type mismatch: inferred type is ByteArray but String was expected
e: file:///C:/Users/Avijit%20Singh/LegalEase/app/src/main/java/cm/a
visingh/legalease/data/repository/NotificationRepository.kt:183:23 
Type mismatch: inferred type is Unit but String was expected
e: file:///C:/Users/Avijit%20Singh/LegalEase/app/src/main/java/cm/a
visingh/legalease/data/sharing/DocumentSharingManager.kt:6:28 
Unresolved reference: dynamiclinks
e: file:///C:/Users/Avijit%20Singh/LegalEase/app/src/main/java/cm/a
visingh/legalease/data/sharing/DocumentSharingManager.kt:7:28 
Unresolved reference: dynamiclinks
e: file:///C:/Users/Avijit%20Singh/LegalEase/app/src/main/java/cm/a
visingh/legalease/data/sharing/DocumentSharingManager.kt:48:36 
Unresolved reference: dynamicLinks
e: file:///C:/Users/Avijit%20Singh/LegalEase/app/src/main/java/cm/a
visingh/legalease/data/sharing/DocumentSharingManager.kt:49:13 
Unresolved reference: link
e: file:///C:/Users/Avijit%20Singh/LegalEase/app/src/main/java/cm/a
visingh/legalease/data/sharing/DocumentSharingManager.kt:50:13 
Unresolved reference: domainUriPrefix
e: file:///C:/Users/Avijit%20Singh/LegalEase/app/src/main/java/cm/a
visingh/legalease/data/sharing/DocumentSharingManager.kt:51:13 
Unresolved reference: androidParameters
e: file:///C:/Users/Avijit%20Singh/LegalEase/app/src/main/java/cm/a
visingh/legalease/data/sharing/DocumentSharingManager.kt:52:17 
Unresolved reference: minimumVersion
e: file:///C:/Users/Avijit%20Singh/LegalEase/app/src/main/java/cm/a
visingh/legalease/data/sharing/DocumentSharingManager.kt:54:13 
Unresolved reference: socialMetaTagParameters
e: file:///C:/Users/Avijit%20Singh/LegalEase/app/src/main/java/cm/a
visingh/legalease/data/sharing/DocumentSharingManager.kt:55:17 
Unresolved reference: title
e: file:///C:/Users/Avijit%20Singh/LegalEase/app/src/main/java/cm/a
visingh/legalease/data/sharing/DocumentSharingManager.kt:56:17 
Unresolved reference: description
e: file:///C:/Users/Avijit%20Singh/LegalEase/app/src/main/java/cm/a
visingh/legalease/data/sharing/DocumentSharingManager.kt:59:13 
Unresolved reference: expirationDuration
e: file:///C:/Users/Avijit%20Singh/LegalEase/app/src/main/java/cm/a
visingh/legalease/data/sharing/DocumentSharingManager.kt:62:25 
Unresolved reference: dynamicLinks
e: file:///C:/Users/Avijit%20Singh/LegalEase/app/src/main/java/cm/a
visingh/legalease/data/sharing/DocumentSharingManager.kt:63:13 
Unresolved reference: longLink
e: file:///C:/Users/Avijit%20Singh/LegalEase/app/src/main/java/cm/a
visingh/legalease/data/sharing/DocumentSharingManager.kt:64:13 
Unresolved reference: buildShortDynamicLink
e: file:///C:/Users/Avijit%20Singh/LegalEase/app/src/main/java/cm/a
visingh/legalease/data/sharing/DocumentSharingManager.kt:64:35 
Unresolved reference: ShortDynamicLink
e: file:///C:/Users/Avijit%20Singh/LegalEase/app/src/main/java/cm/a
visingh/legalease/data/sharing/DocumentSharingManager.kt:136:19 
Unresolved reference: Date
e: file:///C:/Users/Avijit%20Singh/LegalEase/app/src/main/java/cm/a
visingh/legalease/di/DatabaseModule.kt:7:15 Unresolved reference: 
hilt
e: file:///C:/Users/Avijit%20Singh/LegalEase/app/src/main/java/cm/a
visingh/legalease/di/DatabaseModule.kt:8:15 Unresolved reference: 
hilt
e: file:///C:/Users/Avijit%20Singh/LegalEase/app/src/main/java/cm/a
visingh/legalease/di/DatabaseModule.kt:9:15 Unresolved reference: 
hilt
e: file:///C:/Users/Avijit%20Singh/LegalEase/app/src/main/java/cm/a
visingh/legalease/di/DatabaseModule.kt:13:2 Unresolved reference: 
InstallIn
e: file:///C:/Users/Avijit%20Singh/LegalEase/app/src/main/java/cm/a
visingh/legalease/di/DatabaseModule.kt:13:12 Unresolved reference: 
SingletonComponent
e: file:///C:/Users/Avijit%20Singh/LegalEase/app/src/main/java/cm/a
visingh/legalease/di/DatabaseModule.kt:17:29 Unresolved reference: 
ApplicationContext
e: file:///C:/Users/Avijit%20Singh/LegalEase/app/src/main/java/cm/a
visingh/legalease/di/NotificationModule.kt:12:15 Unresolved 
reference: hilt
e: file:///C:/Users/Avijit%20Singh/LegalEase/app/src/main/java/cm/a
visingh/legalease/di/NotificationModule.kt:13:15 Unresolved 
reference: hilt
e: file:///C:/Users/Avijit%20Singh/LegalEase/app/src/main/java/cm/a
visingh/legalease/di/NotificationModule.kt:14:15 Unresolved 
reference: hilt
e: file:///C:/Users/Avijit%20Singh/LegalEase/app/src/main/java/cm/a
visingh/legalease/di/NotificationModule.kt:18:2 Unresolved 
reference: InstallIn
e: file:///C:/Users/Avijit%20Singh/LegalEase/app/src/main/java/cm/a
visingh/legalease/di/NotificationModule.kt:18:12 Unresolved 
reference: SingletonComponent
e: file:///C:/Users/Avijit%20Singh/LegalEase/app/src/main/java/cm/a
visingh/legalease/di/NotificationModule.kt:24:10 Unresolved 
reference: ApplicationContext
e: file:///C:/Users/Avijit%20Singh/LegalEase/app/src/main/java/cm/a
visingh/legalease/di/NotificationModule.kt:32:26 Unresolved 
reference: NotificationDao
e: file:///C:/Users/Avijit%20Singh/LegalEase/app/src/main/java/cm/a
visingh/legalease/di/NotificationModule.kt:38:10 Unresolved 
reference: ApplicationContext
e: file:///C:/Users/Avijit%20Singh/LegalEase/app/src/main/java/cm/a
visingh/legalease/di/SecurityModule.kt:9:15 Unresolved reference: 
hilt
e: file:///C:/Users/Avijit%20Singh/LegalEase/app/src/main/java/cm/a
visingh/legalease/di/SecurityModule.kt:10:15 Unresolved reference: 
hilt
e: file:///C:/Users/Avijit%20Singh/LegalEase/app/src/main/java/cm/a
visingh/legalease/di/SecurityModule.kt:11:15 Unresolved reference: 
hilt
e: file:///C:/Users/Avijit%20Singh/LegalEase/app/src/main/java/cm/a
visingh/legalease/di/SecurityModule.kt:16:2 Unresolved reference: 
InstallIn
e: file:///C:/Users/Avijit%20Singh/LegalEase/app/src/main/java/cm/a
visingh/legalease/di/SecurityModule.kt:16:12 Unresolved reference: 
SingletonComponent
e: file:///C:/Users/Avijit%20Singh/LegalEase/app/src/main/java/cm/a
visingh/legalease/di/SecurityModule.kt:22:10 Unresolved reference: 
ApplicationContext
e: file:///C:/Users/Avijit%20Singh/LegalEase/app/src/main/java/cm/a
visingh/legalease/di/SecurityModule.kt:30:10 Unresolved reference: 
ApplicationContext
e: file:///C:/Users/Avijit%20Singh/LegalEase/app/src/main/java/cm/a
visingh/legalease/di/SecurityModule.kt:40:10 Unresolved reference: 
ApplicationContext
e: file:///C:/Users/Avijit%20Singh/LegalEase/app/src/main/java/cm/a
visingh/legalease/di/SecurityModule.kt:51:10 Unresolved reference: 
ApplicationContext
e: file:///C:/Users/Avijit%20Singh/LegalEase/app/src/main/java/cm/a
visingh/legalease/models/CaseUpdate.kt:16:26 Unresolved reference: 
R
e: file:///C:/Users/Avijit%20Singh/LegalEase/app/src/main/java/cm/a
visingh/legalease/models/CaseUpdate.kt:17:27 Unresolved reference: 
R
e: file:///C:/Users/Avijit%20Singh/LegalEase/app/src/main/java/cm/a
visingh/legalease/models/CaseUpdate.kt:18:23 Unresolved reference: 
R
e: file:///C:/Users/Avijit%20Singh/LegalEase/app/src/main/java/cm/a
visingh/legalease/models/CaseUpdate.kt:19:21 Unresolved reference: 
R
e: file:///C:/Users/Avijit%20Singh/LegalEase/app/src/main/java/cm/a
visingh/legalease/notifications/FCMService.kt:5:15 Unresolved 
reference: hilt
e: file:///C:/Users/Avijit%20Singh/LegalEase/app/src/main/java/cm/a
visingh/legalease/notifications/FCMService.kt:8:2 Unresolved 
reference: AndroidEntryPoint
e: file:///C:/Users/Avijit%20Singh/LegalEase/app/src/main/java/cm/a
visingh/legalease/notifications/FCMService.kt:50:28 Unresolved 
reference: InAppNotification
e: file:///C:/Users/Avijit%20Singh/LegalEase/app/src/main/java/cm/a
visingh/legalease/notifications/FCMService.kt:58:32 Suspend 
function 'saveNotification' should be called only from a coroutine 
or another suspend function
e: file:///C:/Users/Avijit%20Singh/LegalEase/app/src/main/java/cm/a
visingh/legalease/notifications/NotificationChannelManager.kt:9:15 
Unresolved reference: hilt
e: file:///C:/Users/Avijit%20Singh/LegalEase/app/src/main/java/cm/a
visingh/legalease/notifications/NotificationChannelManager.kt:15:6 
Unresolved reference: ApplicationContext
e: file:///C:/Users/Avijit%20Singh/LegalEase/app/src/main/java/cm/a
visingh/legalease/notifications/NotificationDao.kt:12:42 
Unresolved reference: InAppNotification
e: file:///C:/Users/Avijit%20Singh/LegalEase/app/src/main/java/cm/a
visingh/legalease/notifications/NotificationDao.kt:15:45 
Unresolved reference: InAppNotification
e: file:///C:/Users/Avijit%20Singh/LegalEase/app/src/main/java/cm/a
visingh/legalease/notifications/NotificationDao.kt:21:50 
Unresolved reference: InAppNotification
e: file:///C:/Users/Avijit%20Singh/LegalEase/app/src/main/java/cm/a
visingh/legalease/notifications/NotificationDao.kt:24:50 
Unresolved reference: InAppNotification
e: file:///C:/Users/Avijit%20Singh/LegalEase/app/src/main/java/cm/a
visingh/legalease/notifications/NotificationHelper.kt:13:15 
Unresolved reference: hilt
e: file:///C:/Users/Avijit%20Singh/LegalEase/app/src/main/java/cm/a
visingh/legalease/notifications/NotificationHelper.kt:19:6 
Unresolved reference: ApplicationContext
e: file:///C:/Users/Avijit%20Singh/LegalEase/app/src/main/java/cm/a
visingh/legalease/notifications/NotificationHelper.kt:86:37 
Unresolved reference: DocumentViewerActivity
e: file:///C:/Users/Avijit%20Singh/LegalEase/app/src/main/java/cm/a
visingh/legalease/notifications/NotificationHelper.kt:87:34 
Unresolved reference: DocumentViewerActivity
e: file:///C:/Users/Avijit%20Singh/LegalEase/app/src/main/java/cm/a
visingh/legalease/notifications/NotificationHelper.kt:93:37 
Unresolved reference: DocumentCommentsActivity
e: file:///C:/Users/Avijit%20Singh/LegalEase/app/src/main/java/cm/a
visingh/legalease/notifications/NotificationHelper.kt:94:34 
Unresolved reference: DocumentCommentsActivity
e: file:///C:/Users/Avijit%20Singh/LegalEase/app/src/main/java/cm/a
visingh/legalease/notifications/NotificationRepository.kt:67:25 
Unresolved reference: insertNotification
e: file:///C:/Users/Avijit%20Singh/LegalEase/app/src/main/java/cm/a
visingh/legalease/notifications/NotificationRepository.kt:70:39 
Type mismatch: inferred type is String but Long was expected
e: file:///C:/Users/Avijit%20Singh/LegalEase/app/src/main/java/cm/a
visingh/legalease/notifications/NotificationRepository.kt:79:25 
Unresolved reference: markAsRead
e: file:///C:/Users/Avijit%20Singh/LegalEase/app/src/main/java/cm/a
visingh/legalease/notifications/NotificationRepository.kt:84:25 
Unresolved reference: markAllAsRead
e: file:///C:/Users/Avijit%20Singh/LegalEase/app/src/main/java/cm/a
visingh/legalease/notifications/NotificationRepository.kt:94:25 
Unresolved reference: deleteNotification
e: file:///C:/Users/Avijit%20Singh/LegalEase/app/src/main/java/cm/a
visingh/legalease/notifications/NotificationRepository.kt:99:25 
Unresolved reference: deleteAllNotifications
e: file:///C:/Users/Avijit%20Singh/LegalEase/app/src/main/java/cm/a
visingh/legalease/notifications/NotificationRepository.kt:137:44 
Unresolved reference: getLastSyncTime
e: file:///C:/Users/Avijit%20Singh/LegalEase/app/src/main/java/cm/a
visingh/legalease/notifications/NotificationRepository.kt:141:14 
Unresolved reference: await
e: file:///C:/Users/Avijit%20Singh/LegalEase/app/src/main/java/cm/a
visingh/legalease/notifications/NotificationRepository.kt:143:33 
Overload resolution ambiguity: 
public inline fun <T> Iterable<TypeVariable(T)>.forEach(action: 
(TypeVariable(T)) -> Unit): Unit defined in kotlin.collections
public inline fun <K, V> Map<out TypeVariable(K), 
TypeVariable(V)>.forEach(action: (Map.Entry<TypeVariable(K), 
TypeVariable(V)>) -> Unit): Unit defined in kotlin.collections
e: file:///C:/Users/Avijit%20Singh/LegalEase/app/src/main/java/cm/a
visingh/legalease/notifications/NotificationRepository.kt:143:43 
Cannot infer a type for this parameter. Please specify it 
explicitly.
e: file:///C:/Users/Avijit%20Singh/LegalEase/app/src/main/java/cm/a
visingh/legalease/notifications/NotificationRepository.kt:146:21 
Suspension functions can be called only within coroutine body
e: file:///C:/Users/Avijit%20Singh/LegalEase/app/src/main/java/cm/a
visingh/legalease/notifications/NotificationRepository.kt:146:48 
Unresolved reference: it
e: file:///C:/Users/Avijit%20Singh/LegalEase/app/src/main/java/cm/a
visingh/legalease/notifications/NotificationRepository.kt:147:21 
Suspension functions can be called only within coroutine body
e: file:///C:/Users/Avijit%20Singh/LegalEase/app/src/main/java/cm/a
visingh/legalease/notifications/NotificationRepository.kt:147:38 
Unresolved reference: it
e: file:///C:/Users/Avijit%20Singh/LegalEase/app/src/main/java/cm/a
visingh/legalease/notifications/NotificationRepository.kt:152:9 
Unresolved reference: updateLastSyncTime
e: file:///C:/Users/Avijit%20Singh/LegalEase/app/src/main/java/cm/a
visingh/legalease/notifications/NotificationRepository.kt:160:17 
Cannot find a parameter with this name: data
e: file:///C:/Users/Avijit%20Singh/LegalEase/app/src/main/java/cm/a
visingh/legalease/notifications/NotificationRepository.kt:160:37 
Unresolved reference: data
e: file:///C:/Users/Avijit%20Singh/LegalEase/app/src/main/java/cm/a
visingh/legalease/notifications/NotificationRepository.kt:160:80 
Unresolved reference: it
e: file:///C:/Users/Avijit%20Singh/LegalEase/app/src/main/java/cm/a
visingh/legalease/notifications/NotificationRepository.kt:170:17 
Cannot find a parameter with this name: data
e: file:///C:/Users/Avijit%20Singh/LegalEase/app/src/main/java/cm/a
visingh/legalease/notifications/NotificationRepository.kt:170:37 
Unresolved reference: data
e: file:///C:/Users/Avijit%20Singh/LegalEase/app/src/main/java/cm/a
visingh/legalease/notifications/NotificationRepository.kt:170:80 
Unresolved reference: it
e: file:///C:/Users/Avijit%20Singh/LegalEase/app/src/main/java/cm/a
visingh/legalease/notifications/NotificationRepository.kt:184:49 
Unresolved reference: timestamp
e: file:///C:/Users/Avijit%20Singh/LegalEase/app/src/main/java/cm/a
visingh/legalease/notifications/NotificationRepository.kt:192:68 
Type mismatch: inferred type is Long but String was expected
e: file:///C:/Users/Avijit%20Singh/LegalEase/app/src/main/java/cm/a
visingh/legalease/notifications/NotificationRepository.kt:196:20 
Unresolved reference: userId
e: file:///C:/Users/Avijit%20Singh/LegalEase/app/src/main/java/cm/a
visingh/legalease/security/AccessLogWorker.kt:4:17 Unresolved 
reference: hilt
e: file:///C:/Users/Avijit%20Singh/LegalEase/app/src/main/java/cm/a
visingh/legalease/security/AccessLogWorker.kt:8:15 Unresolved 
reference: assisted
e: file:///C:/Users/Avijit%20Singh/LegalEase/app/src/main/java/cm/a
visingh/legalease/security/AccessLogWorker.kt:9:15 Unresolved 
reference: assisted
e: file:///C:/Users/Avijit%20Singh/LegalEase/app/src/main/java/cm/a
visingh/legalease/security/AccessLogWorker.kt:12:2 Unresolved 
reference: HiltWorker
e: file:///C:/Users/Avijit%20Singh/LegalEase/app/src/main/java/cm/a
visingh/legalease/security/AccessLogWorker.kt:13:24 Unresolved 
reference: AssistedInject
e: file:///C:/Users/Avijit%20Singh/LegalEase/app/src/main/java/cm/a
visingh/legalease/security/AccessLogWorker.kt:14:6 Unresolved 
reference: Assisted
e: file:///C:/Users/Avijit%20Singh/LegalEase/app/src/main/java/cm/a
visingh/legalease/security/AccessLogWorker.kt:15:6 Unresolved 
reference: Assisted
e: file:///C:/Users/Avijit%20Singh/LegalEase/app/src/main/java/cm/a
visingh/legalease/security/EncryptionManager.kt:9:15 Unresolved 
reference: hilt
e: file:///C:/Users/Avijit%20Singh/LegalEase/app/src/main/java/cm/a
visingh/legalease/security/EncryptionManager.kt:21:6 Unresolved 
reference: ApplicationContext
e: file:///C:/Users/Avijit%20Singh/LegalEase/app/src/main/java/cm/a
visingh/legalease/security/SecureDocumentManager.kt:10:15 
Unresolved reference: hilt
e: file:///C:/Users/Avijit%20Singh/LegalEase/app/src/main/java/cm/a
visingh/legalease/security/SecureDocumentManager.kt:17:6 
Unresolved reference: ApplicationContext
e: file:///C:/Users/Avijit%20Singh/LegalEase/app/src/main/java/cm/a
visingh/legalease/security/SecureDocumentManager.kt:93:55 Type 
mismatch: inferred type is ByteArray but String was expected
e: file:///C:/Users/Avijit%20Singh/LegalEase/app/src/main/java/cm/a
visingh/legalease/security/SecureDocumentManager.kt:94:34 Type 
mismatch: inferred type is String but ByteArray was expected
e: file:///C:/Users/Avijit%20Singh/LegalEase/app/src/main/java/cm/a
visingh/legalease/security/SecureDocumentManager.kt:101:55 Type 
mismatch: inferred type is ByteArray but String was expected
e: file:///C:/Users/Avijit%20Singh/LegalEase/app/src/main/java/cm/a
visingh/legalease/security/SecureDocumentManager.kt:102:34 Type 
mismatch: inferred type is String but ByteArray was expected
e: file:///C:/Users/Avijit%20Singh/LegalEase/app/src/main/java/cm/a
visingh/legalease/security/SecurityManager.kt:8:15 Unresolved 
reference: hilt
e: file:///C:/Users/Avijit%20Singh/LegalEase/app/src/main/java/cm/a
visingh/legalease/security/SecurityManager.kt:14:6 Unresolved 
reference: ApplicationContext
e: file:///C:/Users/Avijit%20Singh/LegalEase/app/src/main/java/cm/a
visingh/legalease/security/TwoFactorAuthManager.kt:9:15 Unresolved 
reference: hilt
e: file:///C:/Users/Avijit%20Singh/LegalEase/app/src/main/java/cm/a
visingh/legalease/security/TwoFactorAuthManager.kt:16:6 Unresolved 
reference: ApplicationContext
e: file:///C:/Users/Avijit%20Singh/LegalEase/app/src/main/java/cm/a
visingh/legalease/security/TwoFactorAuthManager.kt:38:27 Object is 
not abstract and does not implement abstract base class member 
public abstract fun onVerificationFailed(p0: FirebaseException): 
Unit defined in com.google.firebase.auth.PhoneAuthProvider.OnVerifi
cationStateChangedCallbacks
e: file:///C:/Users/Avijit%20Singh/LegalEase/app/src/main/java/cm/a
visingh/legalease/security/TwoFactorAuthManager.kt:47:17 
'onVerificationFailed' overrides nothing
e: file:///C:/Users/Avijit%20Singh/LegalEase/app/src/main/java/cm/a
visingh/legalease/service/LegalEaseMessagingService.kt:6:15 
Unresolved reference: hilt
e: file:///C:/Users/Avijit%20Singh/LegalEase/app/src/main/java/cm/a
visingh/legalease/service/LegalEaseMessagingService.kt:16:33 
Unresolved reference: main
e: file:///C:/Users/Avijit%20Singh/LegalEase/app/src/main/java/cm/a
visingh/legalease/service/LegalEaseMessagingService.kt:21:2 
Unresolved reference: AndroidEntryPoint
e: file:///C:/Users/Avijit%20Singh/LegalEase/app/src/main/java/cm/a
visingh/legalease/service/LegalEaseMessagingService.kt:56:46 
Unresolved reference: NotificationChannelManager
e: file:///C:/Users/Avijit%20Singh/LegalEase/app/src/main/java/cm/a
visingh/legalease/service/LegalEaseMessagingService.kt:64:35 
Unresolved reference: MainActivity
e: file:///C:/Users/Avijit%20Singh/LegalEase/app/src/main/java/cm/a
visingh/legalease/service/LegalEaseMessagingService.kt:73:47 
Overload resolution ambiguity: 
public constructor Builder(p0: Context, p1: Notification) defined 
in androidx.core.app.NotificationCompat.Builder
public constructor Builder(p0: Context, p1: String) defined in 
androidx.core.app.NotificationCompat.Builder
e: file:///C:/Users/Avijit%20Singh/LegalEase/app/src/main/java/cm/a
visingh/legalease/ui/SplashActivity.kt:24:55 Unresolved reference: 
MainActivity
e: file:///C:/Users/Avijit%20Singh/LegalEase/app/src/main/java/cm/a
visingh/legalease/ui/auth/RegisterActivity.kt:9:30 Unresolved 
reference: MainActivity
e: file:///C:/Users/Avijit%20Singh/LegalEase/app/src/main/java/cm/a
visingh/legalease/ui/auth/RegisterActivity.kt:145:36 Unresolved 
reference: MainActivity
e: file:///C:/Users/Avijit%20Singh/LegalEase/app/src/main/java/cm/a
visingh/legalease/ui/dashboard/DashboardActivity.kt:81:47 Cannot 
infer a type for this parameter. Please specify it explicitly.
e: file:///C:/Users/Avijit%20Singh/LegalEase/app/src/main/java/cm/a
visingh/legalease/ui/dashboard/DashboardActivity.kt:116:40 
Unresolved reference: ACTION_UPLOAD
e: file:///C:/Users/Avijit%20Singh/LegalEase/app/src/main/java/cm/a
visingh/legalease/ui/dashboard/DashboardActivity.kt:130:35 
Unresolved reference: DocumentViewerActivity
e: file:///C:/Users/Avijit%20Singh/LegalEase/app/src/main/java/cm/a
visingh/legalease/ui/dashboard/DashboardActivity.kt:131:13 None of 
the following functions can be called with the arguments supplied: 
public open fun putExtra(p0: String!, p1: Bundle?): Intent defined 
in android.content.Intent
public open fun putExtra(p0: String!, p1: Parcelable?): Intent 
defined in android.content.Intent
public open fun putExtra(p0: String!, p1: Serializable?): Intent 
defined in android.content.Intent
public open fun putExtra(p0: String!, p1: Array<(out) 
Parcelable!>?): Intent defined in android.content.Intent
public open fun putExtra(p0: String!, p1: Array<(out) 
CharSequence!>?): Intent defined in android.content.Intent
public open fun putExtra(p0: String!, p1: Array<(out) String!>?): 
Intent defined in android.content.Intent
public open fun putExtra(p0: String!, p1: Boolean): Intent defined 
in android.content.Intent
public open fun putExtra(p0: String!, p1: BooleanArray?): Intent 
defined in android.content.Intent
public open fun putExtra(p0: String!, p1: Byte): Intent defined in 
android.content.Intent
public open fun putExtra(p0: String!, p1: ByteArray?): Intent 
defined in android.content.Intent
public open fun putExtra(p0: String!, p1: Char): Intent defined in 
android.content.Intent
public open fun putExtra(p0: String!, p1: CharArray?): Intent 
defined in android.content.Intent
public open fun putExtra(p0: String!, p1: CharSequence?): Intent 
defined in android.content.Intent
public open fun putExtra(p0: String!, p1: Double): Intent defined 
in android.content.Intent
public open fun putExtra(p0: String!, p1: DoubleArray?): Intent 
defined in android.content.Intent
public open fun putExtra(p0: String!, p1: Float): Intent defined 
in android.content.Intent
public open fun putExtra(p0: String!, p1: FloatArray?): Intent 
defined in android.content.Intent
public open fun putExtra(p0: String!, p1: Int): Intent defined in 
android.content.Intent
public open fun putExtra(p0: String!, p1: IntArray?): Intent 
defined in android.content.Intent
public open fun putExtra(p0: String!, p1: Long): Intent defined in 
android.content.Intent
public open fun putExtra(p0: String!, p1: LongArray?): Intent 
defined in android.content.Intent
public open fun putExtra(p0: String!, p1: Short): Intent defined 
in android.content.Intent
public open fun putExtra(p0: String!, p1: ShortArray?): Intent 
defined in android.content.Intent
public open fun putExtra(p0: String!, p1: String?): Intent defined 
in android.content.Intent
e: file:///C:/Users/Avijit%20Singh/LegalEase/app/src/main/java/cm/a
visingh/legalease/ui/dashboard/DashboardActivity.kt:131:22 
Unresolved reference: DocumentViewerActivity
e: file:///C:/Users/Avijit%20Singh/LegalEase/app/src/main/java/cm/a
visingh/legalease/ui/dashboard/DashboardActivity.kt:138:39 
Unresolved reference: EXTRA_SCROLL_TO
e: file:///C:/Users/Avijit%20Singh/LegalEase/app/src/main/java/cm/a
visingh/legalease/ui/dashboard/DashboardActivity.kt:142:50 
Unresolved reference: Notification
e: file:///C:/Users/Avijit%20Singh/LegalEase/app/src/main/java/cm/a
visingh/legalease/ui/dashboard/DashboardActivity.kt:144:13 
Unresolved reference: NotificationType
e: file:///C:/Users/Avijit%20Singh/LegalEase/app/src/main/java/cm/a
visingh/legalease/ui/dashboard/DashboardActivity.kt:145:13 
Unresolved reference: NotificationType
e: file:///C:/Users/Avijit%20Singh/LegalEase/app/src/main/java/cm/a
visingh/legalease/ui/dashboard/DashboardActivity.kt:145:41 
Unresolved reference: openDocumentComments
e: file:///C:/Users/Avijit%20Singh/LegalEase/app/src/main/java/cm/a
visingh/legalease/ui/dashboard/DashboardActivity.kt:146:13 
Unresolved reference: NotificationType
e: file:///C:/Users/Avijit%20Singh/LegalEase/app/src/main/java/cm/a
visingh/legalease/ui/dashboard/DashboardActivity.kt:146:40 
Unresolved reference: handleSystemNotification
e: file:///C:/Users/Avijit%20Singh/LegalEase/app/src/main/java/cm/a
visingh/legalease/ui/dashboard/DashboardActivity.kt:150:55 
Unresolved reference: Notification
e: file:///C:/Users/Avijit%20Singh/LegalEase/app/src/main/java/cm/a
visingh/legalease/ui/dashboard/DashboardViewModel.kt:7:41 
Unresolved reference: Notification
e: file:///C:/Users/Avijit%20Singh/LegalEase/app/src/main/java/cm/a
visingh/legalease/ui/dashboard/DashboardViewModel.kt:17:64 No 
value passed for parameter 'notificationDao'
e: file:///C:/Users/Avijit%20Singh/LegalEase/app/src/main/java/cm/a
visingh/legalease/ui/dashboard/DashboardViewModel.kt:17:64 No 
value passed for parameter 'encryptionManager'
e: file:///C:/Users/Avijit%20Singh/LegalEase/app/src/main/java/cm/a
visingh/legalease/ui/dashboard/DashboardViewModel.kt:17:64 No 
value passed for parameter 'securityManager'
e: file:///C:/Users/Avijit%20Singh/LegalEase/app/src/main/java/cm/a
visingh/legalease/ui/dashboard/DashboardViewModel.kt:17:64 No 
value passed for parameter 'notificationPreferences'
e: file:///C:/Users/Avijit%20Singh/LegalEase/app/src/main/java/cm/a
visingh/legalease/ui/dashboard/DashboardViewModel.kt:17:64 No 
value passed for parameter 'firestore'
e: file:///C:/Users/Avijit%20Singh/LegalEase/app/src/main/java/cm/a
visingh/legalease/ui/dashboard/DashboardViewModel.kt:17:64 No 
value passed for parameter 'auth'
e: file:///C:/Users/Avijit%20Singh/LegalEase/app/src/main/java/cm/a
visingh/legalease/ui/dashboard/DashboardViewModel.kt:17:64 No 
value passed for parameter 'context'
e: file:///C:/Users/Avijit%20Singh/LegalEase/app/src/main/java/cm/a
visingh/legalease/ui/dashboard/DashboardViewModel.kt:26:56 
Unresolved reference: Notification
e: file:///C:/Users/Avijit%20Singh/LegalEase/app/src/main/java/cm/a
visingh/legalease/ui/dashboard/DashboardViewModel.kt:27:39 
Unresolved reference: Notification
e: file:///C:/Users/Avijit%20Singh/LegalEase/app/src/main/java/cm/a
visingh/legalease/ui/dashboard/DashboardViewModel.kt:57:36 
Unresolved reference: getNotifications
e: file:///C:/Users/Avijit%20Singh/LegalEase/app/src/main/java/cm/a
visingh/legalease/ui/dashboard/DashboardViewModel.kt:57:71 Cannot 
infer a type for this parameter. Please specify it explicitly.
e: file:///C:/Users/Avijit%20Singh/LegalEase/app/src/main/java/cm/a
visingh/legalease/ui/dashboard/NotificationsAdapter.kt:42:71 Type 
mismatch: inferred type is NotificationType but String was expected
e: file:///C:/Users/Avijit%20Singh/LegalEase/app/src/main/java/cm/a
visingh/legalease/ui/dashboard/RecentDocumentsAdapter.kt:75:45 
Unresolved reference: ic_powerpoint
e: file:///C:/Users/Avijit%20Singh/LegalEase/app/src/main/java/cm/a
visingh/legalease/ui/documents/DocumentsActivity.kt:115:17 
Unresolved reference: SearchActivity
e: file:///C:/Users/Avijit%20Singh/LegalEase/app/src/main/java/cm/a
visingh/legalease/ui/documents/ShareDocumentDialog.kt:30:32 
Unresolved reference: R
e: file:///C:/Users/Avijit%20Singh/LegalEase/app/src/main/java/cm/a
visingh/legalease/ui/documents/ShareDocumentDialog.kt:174:18 
Unresolved reference: PeopleShareFragment
e: file:///C:/Users/Avijit%20Singh/LegalEase/app/src/main/java/cm/a
visingh/legalease/ui/documents/ShareDocumentDialog.kt:175:18 
Unresolved reference: LinkShareFragment
e: file:///C:/Users/Avijit%20Singh/LegalEase/app/src/main/java/cm/a
visingh/legalease/ui/documents/ShareDocumentDialog.kt:186:49 Type 
mismatch: inferred type is Document but Parcelable? was expected
e: file:///C:/Users/Avijit%20Singh/LegalEase/app/src/main/java/cm/a
visingh/legalease/ui/documents/SharedUsersAdapter.kt:38:29 
Unresolved reference: text
e: file:///C:/Users/Avijit%20Singh/LegalEase/app/src/main/java/cm/a
visingh/legalease/ui/documents/UploadDocumentDialog.kt:22:40 
Unresolved reference: ThemeOverlay_LegalEase_Dialog
e: file:///C:/Users/Avijit%20Singh/LegalEase/app/src/main/java/cm/a
visingh/legalease/ui/guide/GuideDetailActivity.kt:161:53 
Unresolved reference: createIntent
e: file:///C:/Users/Avijit%20Singh/LegalEase/app/src/main/java/cm/a
visingh/legalease/ui/help/HelpCenterActivity.kt:77:28 Unresolved 
reference: img_marriage_registration
e: file:///C:/Users/Avijit%20Singh/LegalEase/app/src/main/java/cm/a
visingh/legalease/ui/help/LegalGuideAdapter.kt:34:17 Unresolved 
reference: categoryText
e: file:///C:/Users/Avijit%20Singh/LegalEase/app/src/main/java/cm/a
visingh/legalease/ui/help/LegalGuideAdapter.kt:34:30 Variable 
expected
e: file:///C:/Users/Avijit%20Singh/LegalEase/app/src/main/java/cm/a
visingh/legalease/ui/help/LegalGuideAdapter.kt:35:17 Unresolved 
reference: titleText
e: file:///C:/Users/Avijit%20Singh/LegalEase/app/src/main/java/cm/a
visingh/legalease/ui/help/LegalGuideAdapter.kt:35:27 Variable 
expected
e: file:///C:/Users/Avijit%20Singh/LegalEase/app/src/main/java/cm/a
visingh/legalease/ui/help/LegalGuideAdapter.kt:36:17 Unresolved 
reference: descriptionText
e: file:///C:/Users/Avijit%20Singh/LegalEase/app/src/main/java/cm/a
visingh/legalease/ui/help/LegalGuideAdapter.kt:36:33 Variable 
expected
e: file:///C:/Users/Avijit%20Singh/LegalEase/app/src/main/java/cm/a
visingh/legalease/ui/help/LegalGuideAdapter.kt:37:17 Unresolved 
reference: guideImage
e: file:///C:/Users/Avijit%20Singh/LegalEase/app/src/main/java/cm/a
visingh/legalease/ui/help/LegalGuideAdapter.kt:40:17 Unresolved 
reference: readMoreButton
e: file:///C:/Users/Avijit%20Singh/LegalEase/app/src/main/java/cm/a
visingh/legalease/ui/notifications/NotificationOptionsBottomSheet.k
t:31:53 Type argument is not within its bounds: should be subtype 
of 'Parcelable!'
e: file:///C:/Users/Avijit%20Singh/LegalEase/app/src/main/java/cm/a
visingh/legalease/ui/notifications/NotificationOptionsBottomSheet.k
t:40:60 Unresolved reference: isRead
e: file:///C:/Users/Avijit%20Singh/LegalEase/app/src/main/java/cm/a
visingh/legalease/ui/notifications/NotificationOptionsBottomSheet.k
t:75:53 Type mismatch: inferred type is InAppNotification but 
Parcelable? was expected
e: file:///C:/Users/Avijit%20Singh/LegalEase/app/src/main/java/cm/a
visingh/legalease/ui/notifications/NotificationsAdapter.kt:62:21 
Incompatible types: String and NotificationType
e: file:///C:/Users/Avijit%20Singh/LegalEase/app/src/main/java/cm/a
visingh/legalease/ui/notifications/NotificationsAdapter.kt:63:21 
Incompatible types: String and NotificationType
e: file:///C:/Users/Avijit%20Singh/LegalEase/app/src/main/java/cm/a
visingh/legalease/ui/notifications/NotificationsAdapter.kt:64:21 
Incompatible types: String and NotificationType
e: file:///C:/Users/Avijit%20Singh/LegalEase/app/src/main/java/cm/a
visingh/legalease/ui/notifications/NotificationsAdapter.kt:65:21 
Incompatible types: String and NotificationType
e: file:///C:/Users/Avijit%20Singh/LegalEase/app/src/main/java/cm/a
visingh/legalease/ui/notifications/NotificationsAdapter.kt:66:21 
Incompatible types: String and NotificationType
e: file:///C:/Users/Avijit%20Singh/LegalEase/app/src/main/java/cm/a
visingh/legalease/ui/pdf/PdfViewerActivity.kt:10:12 Unresolved 
reference: github
e: file:///C:/Users/Avijit%20Singh/LegalEase/app/src/main/java/cm/a
visingh/legalease/ui/pdf/PdfViewerActivity.kt:11:12 Unresolved 
reference: github
e: file:///C:/Users/Avijit%20Singh/LegalEase/app/src/main/java/cm/a
visingh/legalease/ui/pdf/PdfViewerActivity.kt:12:12 Unresolved 
reference: github
e: file:///C:/Users/Avijit%20Singh/LegalEase/app/src/main/java/cm/a
visingh/legalease/ui/pdf/PdfViewerActivity.kt:15:48 Unresolved 
reference: OnPageChangeListener
e: file:///C:/Users/Avijit%20Singh/LegalEase/app/src/main/java/cm/a
visingh/legalease/ui/pdf/PdfViewerActivity.kt:15:70 Unresolved 
reference: OnLoadCompleteListener
e: file:///C:/Users/Avijit%20Singh/LegalEase/app/src/main/java/cm/a
visingh/legalease/ui/pdf/PdfViewerActivity.kt:40:17 Unresolved 
reference: progressIndicator
e: file:///C:/Users/Avijit%20Singh/LegalEase/app/src/main/java/cm/a
visingh/legalease/ui/pdf/PdfViewerActivity.kt:40:35 Variable 
expected
e: file:///C:/Users/Avijit%20Singh/LegalEase/app/src/main/java/cm/a
visingh/legalease/ui/pdf/PdfViewerActivity.kt:42:49 Cannot access 
class 'PDFView'. Check your module classpath for missing or 
conflicting dependencies
e: file:///C:/Users/Avijit%20Singh/LegalEase/app/src/main/java/cm/a
visingh/legalease/ui/pdf/PdfViewerActivity.kt:50:21 Cannot access 
class 'PDFView'. Check your module classpath for missing or 
conflicting dependencies
e: file:///C:/Users/Avijit%20Singh/LegalEase/app/src/main/java/cm/a
visingh/legalease/ui/pdf/PdfViewerActivity.kt:50:29 Cannot access 
class 'PDFView'. Check your module classpath for missing or 
conflicting dependencies
e: file:///C:/Users/Avijit%20Singh/LegalEase/app/src/main/java/cm/a
visingh/legalease/ui/pdf/PdfViewerActivity.kt:51:17 Unresolved 
reference: fromUri
e: file:///C:/Users/Avijit%20Singh/LegalEase/app/src/main/java/cm/a
visingh/legalease/ui/pdf/PdfViewerActivity.kt:57:35 Unresolved 
reference: DefaultScrollHandle
e: file:///C:/Users/Avijit%20Singh/LegalEase/app/src/main/java/cm/a
visingh/legalease/ui/pdf/PdfViewerActivity.kt:68:17 Unresolved 
reference: previousButton
e: file:///C:/Users/Avijit%20Singh/LegalEase/app/src/main/java/cm/a
visingh/legalease/ui/pdf/PdfViewerActivity.kt:69:25 Cannot access 
class 'PDFView'. Check your module classpath for missing or 
conflicting dependencies
e: file:///C:/Users/Avijit%20Singh/LegalEase/app/src/main/java/cm/a
visingh/legalease/ui/pdf/PdfViewerActivity.kt:69:33 Unresolved 
reference: currentPage
e: file:///C:/Users/Avijit%20Singh/LegalEase/app/src/main/java/cm/a
visingh/legalease/ui/pdf/PdfViewerActivity.kt:70:25 Cannot access 
class 'PDFView'. Check your module classpath for missing or 
conflicting dependencies
e: file:///C:/Users/Avijit%20Singh/LegalEase/app/src/main/java/cm/a
visingh/legalease/ui/pdf/PdfViewerActivity.kt:70:33 Unresolved 
reference: jumpTo
e: file:///C:/Users/Avijit%20Singh/LegalEase/app/src/main/java/cm/a
visingh/legalease/ui/pdf/PdfViewerActivity.kt:70:48 Cannot access 
class 'PDFView'. Check your module classpath for missing or 
conflicting dependencies
e: file:///C:/Users/Avijit%20Singh/LegalEase/app/src/main/java/cm/a
visingh/legalease/ui/pdf/PdfViewerActivity.kt:70:56 Unresolved 
reference: currentPage
e: file:///C:/Users/Avijit%20Singh/LegalEase/app/src/main/java/cm/a
visingh/legalease/ui/pdf/PdfViewerActivity.kt:75:17 Unresolved 
reference: nextButton
e: file:///C:/Users/Avijit%20Singh/LegalEase/app/src/main/java/cm/a
visingh/legalease/ui/pdf/PdfViewerActivity.kt:76:25 Cannot access 
class 'PDFView'. Check your module classpath for missing or 
conflicting dependencies
31 actionable tasks: 2 executed, 29 up-to-date
e: file:///C:/Users/Avijit%20Singh/LegalEase/app/src/main/java/cm/a
visingh/legalease/ui/pdf/PdfViewerActivity.kt:76:33 Unresolved 
reference: currentPage
e: file:///C:/Users/Avijit%20Singh/LegalEase/app/src/main/java/cm/a
visingh/legalease/ui/pdf/PdfViewerActivity.kt:77:25 Cannot access 
class 'PDFView'. Check your module classpath for missing or 
conflicting dependencies
e: file:///C:/Users/Avijit%20Singh/LegalEase/app/src/main/java/cm/a
visingh/legalease/ui/pdf/PdfViewerActivity.kt:77:33 Unresolved 
reference: jumpTo
e: file:///C:/Users/Avijit%20Singh/LegalEase/app/src/main/java/cm/a
visingh/legalease/ui/pdf/PdfViewerActivity.kt:77:48 Cannot access 
class 'PDFView'. Check your module classpath for missing or 
conflicting dependencies
e: file:///C:/Users/Avijit%20Singh/LegalEase/app/src/main/java/cm/a
visingh/legalease/ui/pdf/PdfViewerActivity.kt:77:56 Unresolved 
reference: currentPage
e: file:///C:/Users/Avijit%20Singh/LegalEase/app/src/main/java/cm/a
visingh/legalease/ui/pdf/PdfViewerActivity.kt:85:17 Unresolved 
reference: previousButton
e: file:///C:/Users/Avijit%20Singh/LegalEase/app/src/main/java/cm/a
visingh/legalease/ui/pdf/PdfViewerActivity.kt:85:32 Variable 
expected
e: file:///C:/Users/Avijit%20Singh/LegalEase/app/src/main/java/cm/a
visingh/legalease/ui/pdf/PdfViewerActivity.kt:86:17 Unresolved 
reference: nextButton
e: file:///C:/Users/Avijit%20Singh/LegalEase/app/src/main/java/cm/a
visingh/legalease/ui/pdf/PdfViewerActivity.kt:86:28 Variable 
expected
e: file:///C:/Users/Avijit%20Singh/LegalEase/app/src/main/java/cm/a
visingh/legalease/ui/pdf/PdfViewerActivity.kt:87:17 Unresolved 
reference: pageNumberText
e: file:///C:/Users/Avijit%20Singh/LegalEase/app/src/main/java/cm/a
visingh/legalease/ui/pdf/PdfViewerActivity.kt:87:32 Variable 
expected
e: file:///C:/Users/Avijit%20Singh/LegalEase/app/src/main/java/cm/a
visingh/legalease/ui/pdf/PdfViewerActivity.kt:90:5 'onPageChanged' 
overrides nothing
e: file:///C:/Users/Avijit%20Singh/LegalEase/app/src/main/java/cm/a
visingh/legalease/ui/pdf/PdfViewerActivity.kt:94:5 'loadComplete' 
overrides nothing
e: file:///C:/Users/Avijit%20Singh/LegalEase/app/src/main/java/cm/a
visingh/legalease/ui/pdf/PdfViewerActivity.kt:96:17 Unresolved 
reference: progressIndicator
e: file:///C:/Users/Avijit%20Singh/LegalEase/app/src/main/java/cm/a
visingh/legalease/ui/pdf/PdfViewerActivity.kt:96:35 Variable 
expected
e: file:///C:/Users/Avijit%20Singh/LegalEase/app/src/main/java/cm/a
visingh/legalease/ui/pdf/PdfViewerActivity.kt:97:36 Cannot access 
class 'PDFView'. Check your module classpath for missing or 
conflicting dependencies
e: file:///C:/Users/Avijit%20Singh/LegalEase/app/src/main/java/cm/a
visingh/legalease/ui/pdf/PdfViewerActivity.kt:97:44 Unresolved 
reference: currentPage
e: file:///C:/Users/Avijit%20Singh/LegalEase/app/src/main/java/cm/a
visingh/legalease/ui/search/AdvancedSearchDialog.kt:24:40 
Unresolved reference: Theme_LegalEase_FullScreenDialog
e: file:///C:/Users/Avijit%20Singh/LegalEase/app/src/main/java/cm/a
visingh/legalease/ui/search/FAQDetailBottomSheet.kt:48:49 No value 
passed for parameter 'onFaqClick'
e: file:///C:/Users/Avijit%20Singh/LegalEase/app/src/main/java/cm/a
visingh/legalease/ui/search/SearchActivity.kt:143:40 Unresolved 
reference: setAdapter
e: file:///C:/Users/Avijit%20Singh/LegalEase/app/src/main/java/cm/a
visingh/legalease/work/SyncWorker.kt:45:59 Type mismatch: inferred 
type is CachedDocument but Document was expected
e: file:///C:/Users/Avijit%20Singh/LegalEase/app/src/main/java/cm/a
visingh/legalease/work/SyncWorker.kt:46:54 Type mismatch: inferred 
type is CachedDocument but Document was expected
e: file:///C:/Users/Avijit%20Singh/LegalEase/app/src/main/java/cm/a
visingh/legalease/work/SyncWorker.kt:50:59 Type mismatch: inferred 
type is CachedDocument but Document was expected
e: file:///C:/Users/Avijit%20Singh/LegalEase/app/src/main/java/cm/a
visingh/legalease/work/SyncWorker.kt:51:54 Type mismatch: inferred 
type is CachedDocument but Document was expected
e: file:///C:/Users/Avijit%20Singh/LegalEase/app/src/main/java/cm/a
visingh/legalease/work/SyncWorker.kt:59:58 Type mismatch: inferred 
type is CachedDocument but Document was expected

FAILURE: Build failed with an exception.

* What went wrong:
Execution failed for task ':app:compileDebugKotlin'.
> A failure occurred while executing org.jetbrains.kotlin.compilerR
unner.GradleCompilerRunnerWithWorkers$GradleKotlinCompilerWorkActio
n
   > Compilation error. See log for more details

* Try:
> Run with --stacktrace option to get the stack trace.
> Run with --info or --debug option to get more log output.
> Run with --scan to get full insights.
> Get more help at https://help.gradle.org.

BUILD FAILED in 10s
